$ node scripts/run-in-workspace.mjs apps/web playwright test

Running 300 tests using 1 worker

  ✓    1 [desktop] › e2e/authn.spec.ts:71:5 › authentication surfaces › sign in: renders, and axe finds nothing (408ms)
  ✓    2 [desktop] › e2e/authn.spec.ts:71:5 › authentication surfaces › MFA challenge: renders, and axe finds nothing (292ms)
  ✓    3 [desktop] › e2e/authn.spec.ts:71:5 › authentication surfaces › MFA enrolment: renders, and axe finds nothing (266ms)
  ✓    4 [desktop] › e2e/authn.spec.ts:71:5 › authentication surfaces › activation: renders, and axe finds nothing (420ms)
  ✓    5 [desktop] › e2e/authn.spec.ts:71:5 › authentication surfaces › password reset request: renders, and axe finds nothing (277ms)
  ✓    6 [desktop] › e2e/authn.spec.ts:71:5 › authentication surfaces › password reset completion: renders, and axe finds nothing (297ms)
  ✓    7 [desktop] › e2e/authn.spec.ts:91:3 › authentication surfaces › I-13: filling every field on a form writes NOTHING (621ms)
  ✓    8 [desktop] › e2e/authn.spec.ts:109:3 › authentication surfaces › I-10: one submit produces exactly one request (218ms)
  ✓    9 [desktop] › e2e/authn.spec.ts:122:3 › authentication surfaces › the failure state is announced, not swallowed (441ms)
  ✓   10 [desktop] › e2e/authn.spec.ts:137:3 › authentication surfaces › the validation summary appears once, takes focus, and links to the field (334ms)
  ✓   11 [desktop] › e2e/authn.spec.ts:157:3 › authentication surfaces › sign in is completable from the KEYBOARD alone (230ms)
  ✓   12 [desktop] › e2e/authn.spec.ts:191:3 › authentication surfaces › activation is completable from the KEYBOARD alone (438ms)
  ✓   13 [desktop] › e2e/catalogue.spec.ts:158:3 › catalogue — shift types › LOADING: the list announces itself while it is being fetched (432ms)
  ✓   14 [desktop] › e2e/catalogue.spec.ts:181:3 › catalogue — shift types › EMPTY: the empty state says what to do next, not "no data" (319ms)
  ✓   15 [desktop] › e2e/catalogue.spec.ts:194:3 › catalogue — shift types › POPULATED: all six palettes render, and colour is never the only carrier (432ms)
  ✓   16 [desktop] › e2e/catalogue.spec.ts:223:3 › catalogue — shift types › PERMISSION DENIED: a 403 says so, and does not say why (314ms)
  ✓   17 [desktop] › e2e/catalogue.spec.ts:239:3 › catalogue — shift types › ERROR: a 404 renders "not found", never "no access" (321ms)
  ✓   18 [desktop] › e2e/catalogue.spec.ts:254:3 › catalogue — shift types › I-13: opening the New form persists NOTHING — zero requests (634ms)
  ✓   19 [desktop] › e2e/catalogue.spec.ts:281:3 › catalogue — shift types › AC-11: an empty form is refused by the CLIENT — focus to the summary, zero requests (622ms)
  ✓   20 [desktop] › e2e/catalogue.spec.ts:318:3 › catalogue — shift types › I-10: a SERVER 422 issues exactly one request and renders the same summary (803ms)
  ✓   21 [desktop] › e2e/catalogue.spec.ts:368:3 › catalogue — shift types › AC-02: the form is completable by keyboard alone (659ms)
  ✓   22 [desktop] › e2e/catalogue.spec.ts:429:3 › catalogue — shift types › AC-08 and AC-09: 320px reflow, and every target is at least 44px (566ms)
  ✓   23 [desktop] › e2e/catalogue.spec.ts:499:3 › catalogue — the other surfaces › shift groups: populated and empty, both accessible (456ms)
  ✓   24 [desktop] › e2e/catalogue.spec.ts:544:3 › catalogue — the other surfaces › staff groups: empty state and form (390ms)
  ✓   25 [desktop] › e2e/catalogue.spec.ts:558:3 › catalogue — the other surfaces › valid combinations: the ceiling is explained before the user hits it (451ms)
  ✓   26 [desktop] › e2e/catalogue.spec.ts:590:3 › catalogue — the other surfaces › group settings: the irreversible control warns BEFORE the click (360ms)
  ✓   27 [desktop] › e2e/catalogue.spec.ts:617:3 › catalogue — the other surfaces › group settings: a 403 on one panel does not hide the other (327ms)
  ✓   28 [desktop] › e2e/publication.spec.ts:338:3 › publication review — states › LOADING: the review announces itself while it is being fetched (308ms)
  ✓   29 [desktop] › e2e/publication.spec.ts:359:3 › publication review — states › ERROR: a 500 renders the fixed message verbatim, never expanded (308ms)
  ✓   30 [desktop] › e2e/publication.spec.ts:372:3 › publication review — states › DENIAL: a 403 says "no permission"; a 404 says "not found" — different messages (440ms)
  ✓   31 [desktop] › e2e/publication.spec.ts:388:3 › publication review — states › EMPTY: a period that has never been published says so, and is not an error (451ms)
  ✓   32 [desktop] › e2e/publication.spec.ts:414:3 › I-13 — nothing is published before an explicit confirmation › opening the confirmation issues ZERO requests (482ms)
  ✓   33 [desktop] › e2e/publication.spec.ts:428:3 › I-13 — nothing is published before an explicit confirmation › filling the confirmation issues ZERO requests (159ms)
  ✓   34 [desktop] › e2e/publication.spec.ts:440:3 › I-13 — nothing is published before an explicit confirmation › the typed confirmation is demanded BEFORE any request is made (471ms)
  ✓   35 [desktop] › e2e/publication.spec.ts:486:3 › publish once › a DOUBLE-CLICK issues exactly one publication request (606ms)
  ✓   36 [desktop] › e2e/publication.spec.ts:535:3 › publish once › a RETRY carries the same idempotency key, and the replay is rendered honestly (814ms)
  ✓   37 [desktop] › e2e/publication.spec.ts:577:3 › publish once › BUDGET: an accepted publication is the write plus one server-authoritative re-read (292ms)
  ✓   38 [desktop] › e2e/publication.spec.ts:604:3 › publish once › BUDGET: a refused publication is ONE request and does not refetch (296ms)
  ✓   39 [desktop] › e2e/publication.spec.ts:636:3 › refusals the interface must render truthfully › CAS LOSER: another publication won the period — rendered, with one reload control (625ms)
  ✓   40 [desktop] › e2e/publication.spec.ts:664:3 › refusals the interface must render truthfully › STALE REVIEW: the draft changed while it was being read — rendered, never merged (602ms)
  ✓   41 [desktop] › e2e/publication.spec.ts:689:3 › refusals the interface must render truthfully › GRANT DENY STATE: without the publish grant the control is absent and the reason is written (399ms)
  ✓   42 [desktop] › e2e/publication.spec.ts:708:3 › refusals the interface must render truthfully › a version that IS current does not claim it would supersede itself (399ms)
  ✓   43 [desktop] › e2e/publication.spec.ts:741:3 › refusals the interface must render truthfully › BLOCKED: an open hard breach blocks publication and the control is not offered (397ms)
  ✓   44 [desktop] › e2e/publication.spec.ts:766:3 › the rendered difference is the served difference › every change in the response is rendered, one row each, and nothing else is (394ms)
  ✓   45 [desktop] › e2e/publication.spec.ts:791:3 › the rendered difference is the served difference › the comparison page renders the same change set and the affected-staff read agrees (395ms)
  ✓   46 [desktop] › e2e/publication.spec.ts:809:3 › version history › IMMUTABILITY: no edit affordance in any immutable row — and a draft row HAS one (342ms)
  ✓   47 [desktop] › e2e/publication.spec.ts:833:3 › version history › FORWARD CORRECTION: cloning a published version writes nothing until an explicit confirm (601ms)
  ✓   48 [desktop] › e2e/publication.spec.ts:870:3 › version history › REVERT: its own typed confirmation, refused before any request is made (881ms)
  ✓   49 [desktop] › e2e/publication.spec.ts:913:3 › version history › a revert is not offered on the CURRENT version, only on superseded ones (86ms)
  ✓   50 [desktop] › e2e/publication.spec.ts:928:3 › published schedule › renders the current version read-only, with no control that writes (351ms)
  ✓   51 [desktop] › e2e/publication.spec.ts:952:3 › keyboard and narrow viewport › KEYBOARD: review → confirm → publish, without a mouse (275ms)
  ✓   52 [desktop] › e2e/publication.spec.ts:980:3 › keyboard and narrow viewport › 320px: the review reflows with no page-level horizontal scroll (386ms)
  ✓   53 [desktop] › e2e/publication.spec.ts:995:3 › keyboard and narrow viewport › 320px: the history reflows as a list, with the same rows and the same affordance rule (377ms)
  ✓   54 [desktop] › e2e/publication.spec.ts:1016:3 › keyboard and narrow viewport › 320px: the published schedule reflows with no page-level horizontal scroll (361ms)
  ✓   55 [desktop] › e2e/rule-editors.spec.ts:356:3 › every rule node kind is authorable end to end › the fixture list covers the closed node set exactly (108ms)
  ✓   56 [desktop] › e2e/rule-editors.spec.ts:380:3 › every rule node kind is authorable end to end › I-13/I-10: opening a rule for editing issues ZERO requests; saving issues two (262ms)
  ✓   57 [desktop] › e2e/rule-editors.spec.ts:419:5 › every rule node kind is authorable end to end › RequiredCount: author → list → edit round trip (422ms)
  ✓   58 [desktop] › e2e/rule-editors.spec.ts:419:5 › every rule node kind is authorable end to end › MinCoverage: author → list → edit round trip (415ms)
  ✓   59 [desktop] › e2e/rule-editors.spec.ts:419:5 › every rule node kind is authorable end to end › MaxCoverage: author → list → edit round trip (416ms)
  ✓   60 [desktop] › e2e/rule-editors.spec.ts:419:5 › every rule node kind is authorable end to end › RequiresQualification: author → list → edit round trip (413ms)
  ✓   61 [desktop] › e2e/rule-editors.spec.ts:419:5 › every rule node kind is authorable end to end › MemberOfStaffGroup: author → list → edit round trip (428ms)
  ✓   62 [desktop] › e2e/rule-editors.spec.ts:419:5 › every rule node kind is authorable end to end › ValidGroupRestriction: author → list → edit round trip (416ms)
  ✓   63 [desktop] › e2e/rule-editors.spec.ts:419:5 › every rule node kind is authorable end to end › PickPositionRestriction: author → list → edit round trip (397ms)
  ✓   64 [desktop] › e2e/rule-editors.spec.ts:419:5 › every rule node kind is authorable end to end › MaxAssignmentsInWindow: author → list → edit round trip (431ms)
  ✓   65 [desktop] › e2e/rule-editors.spec.ts:419:5 › every rule node kind is authorable end to end › WeekdayFteLimit: author → list → edit round trip (409ms)
  ✓   66 [desktop] › e2e/rule-editors.spec.ts:419:5 › every rule node kind is authorable end to end › WorkPercentageTarget: author → list → edit round trip (428ms)
  ✓   67 [desktop] › e2e/rule-editors.spec.ts:419:5 › every rule node kind is authorable end to end › MaxConsecutive: author → list → edit round trip (427ms)
  ✓   68 [desktop] › e2e/rule-editors.spec.ts:419:5 › every rule node kind is authorable end to end › MinimumRestBetween: author → list → edit round trip (425ms)
  ✓   69 [desktop] › e2e/rule-editors.spec.ts:419:5 › every rule node kind is authorable end to end › CallSpacing: author → list → edit round trip (411ms)
  ✓   70 [desktop] › e2e/rule-editors.spec.ts:419:5 › every rule node kind is authorable end to end › NoAdjacent: author → list → edit round trip (426ms)
  ✓   71 [desktop] › e2e/rule-editors.spec.ts:419:5 › every rule node kind is authorable end to end › ForbiddenSequence: author → list → edit round trip (426ms)
  ✓   72 [desktop] › e2e/rule-editors.spec.ts:419:5 › every rule node kind is authorable end to end › PatternRule: author → list → edit round trip (467ms)
  ✓   73 [desktop] › e2e/rule-editors.spec.ts:419:5 › every rule node kind is authorable end to end › AlternatingWeek: author → list → edit round trip (430ms)
  ✓   74 [desktop] › e2e/rule-editors.spec.ts:419:5 › every rule node kind is authorable end to end › TemplateAdherence: author → list → edit round trip (418ms)
  ✓   75 [desktop] › e2e/rule-editors.spec.ts:419:5 › every rule node kind is authorable end to end › LinkedShifts: author → list → edit round trip (438ms)
  ✓   76 [desktop] › e2e/rule-editors.spec.ts:419:5 › every rule node kind is authorable end to end › ImpliesAssignment: author → list → edit round trip (414ms)
  ✓   77 [desktop] › e2e/rule-editors.spec.ts:419:5 › every rule node kind is authorable end to end › MutuallyExclusive: author → list → edit round trip (429ms)
  ✓   78 [desktop] › e2e/rule-editors.spec.ts:419:5 › every rule node kind is authorable end to end › RequestHonoured: author → list → edit round trip (412ms)
  ✓   79 [desktop] › e2e/rule-editors.spec.ts:419:5 › every rule node kind is authorable end to end › ShiftPreference: author → list → edit round trip (415ms)
  ✓   80 [desktop] › e2e/rule-editors.spec.ts:419:5 › every rule node kind is authorable end to end › AvoidDate: author → list → edit round trip (413ms)
  ✓   81 [desktop] › e2e/rule-editors.spec.ts:419:5 › every rule node kind is authorable end to end › FairnessBalance: author → list → edit round trip (415ms)
  ✓   82 [desktop] › e2e/rule-editors.spec.ts:419:5 › every rule node kind is authorable end to end › CreditDistribution: author → list → edit round trip (414ms)
  ✓   83 [desktop] › e2e/rule-editors.spec.ts:419:5 › every rule node kind is authorable end to end › StaffOverLocumPriority: author → list → edit round trip (411ms)
  ✓   84 [desktop] › e2e/rule-editors.spec.ts:419:5 › every rule node kind is authorable end to end › LocumRestriction: author → list → edit round trip (411ms)
  ✓   85 [desktop] › e2e/rule-editors.spec.ts:419:5 › every rule node kind is authorable end to end › FixedAssignment: author → list → edit round trip (398ms)
  ✓   86 [desktop] › e2e/rule-editors.spec.ts:419:5 › every rule node kind is authorable end to end › ProtectedRange: author → list → edit round trip (430ms)
  ✓   87 [desktop] › e2e/rules.spec.ts:119:3 › rules — authoring › LOADING: the list announces itself while it is being fetched (427ms)
  ✓   88 [desktop] › e2e/rules.spec.ts:140:3 › rules — authoring › EMPTY: the empty state says what is missing, not "no data" (313ms)
  ✓   89 [desktop] › e2e/rules.spec.ts:152:3 › rules — authoring › POPULATED: the rules render as a real table (356ms)
  ✓   90 [desktop] › e2e/rules.spec.ts:162:3 › rules — authoring › DENIED: a 403 says no permission and never says why (317ms)
  ✓   91 [desktop] › e2e/rules.spec.ts:175:3 › rules — authoring › NOT FOUND: a 404 is a different message from a 403 (322ms)
  ✓   92 [desktop] › e2e/rules.spec.ts:185:3 › rules — authoring › I-13: "New rule" persists nothing and issues ZERO requests (477ms)
  ✓   93 [desktop] › e2e/rules.spec.ts:202:3 › rules — authoring › the rule-type control offers ONLY the closed node set — no free-text escape hatch (139ms)
  ✓   94 [desktop] › e2e/rules.spec.ts:219:3 › rules — authoring › I-10: Save issues exactly one request, and a SERVER 422 focuses the summary (590ms)
  ✓   95 [desktop] › e2e/rules.spec.ts:265:3 › rules — authoring › the CLIENT pre-check refuses an incomplete body without a request at all (146ms)
  ✓   96 [desktop] › e2e/rules.spec.ts:287:3 › rules — authoring › I-10: a successful Save issues one write and one refetch (249ms)
  ✓   97 [desktop] › e2e/rules.spec.ts:311:3 › rules — authoring › AC-02: the whole form is reachable and submittable by keyboard alone (217ms)
  -   98 [desktop] › e2e/rules.spec.ts:346:3 › rules — authoring › AC-08: no page-level horizontal scroll at the narrow viewport
  ✓   99 [desktop] › e2e/schedule.spec.ts:306:3 › periods — states › LOADING: the list announces itself while it is being fetched (293ms)
  ✓  100 [desktop] › e2e/schedule.spec.ts:327:3 › periods — states › EMPTY: the empty state says what is missing, not "no data" (339ms)
  ✓  101 [desktop] › e2e/schedule.spec.ts:340:3 › periods — states › DENIED: a 403 says no permission and never says why (338ms)
  ✓  102 [desktop] › e2e/schedule.spec.ts:354:3 › periods — states › NOT FOUND: a 404 is a different message from a 403 (305ms)
  ✓  103 [desktop] › e2e/schedule.spec.ts:365:3 › periods — states › POPULATED: the period list renders, and manual authoring is labelled as override (312ms)
  ✓  104 [desktop] › e2e/schedule.spec.ts:376:3 › periods — states › I-13: "New period" persists nothing and issues ZERO requests (408ms)
  ✓  105 [desktop] › e2e/schedule.spec.ts:393:3 › periods — states › I-13: filling every field of the period form still issues zero requests (126ms)
  ✓  106 [desktop] › e2e/schedule.spec.ts:406:3 › periods — states › a SERVER 422 focuses the validation summary and links to a real field (522ms)
  ✓  107 [desktop] › e2e/schedule.spec.ts:445:3 › periods — states › I-10: creating a draft version issues one write and one re-read (266ms)
  ✓  108 [desktop] › e2e/schedule.spec.ts:473:3 › periods — states › I-10: saving a requirement issues one write and one re-read (265ms)
  ✓  109 [desktop] › e2e/schedule.spec.ts:513:3 › periods — states › a stale requirement write renders an explicit refusal, never a silent merge (600ms)
  ✓  110 [desktop] › e2e/schedule.spec.ts:558:3 › the grid and its accessible alternative › POPULATED: the grid renders with valid virtualized ARIA (657ms)
  ✓  111 [desktop] › e2e/schedule.spec.ts:578:3 › the grid and its accessible alternative › the grid and the table render the SAME cells, compared byte for byte (299ms)
  ✓  112 [desktop] › e2e/schedule.spec.ts:625:3 › the grid and its accessible alternative › the table alternative is axe-clean and is a real table (1.9s)
  -  113 [desktop] › e2e/schedule.spec.ts:640:3 › the grid and its accessible alternative › below 640px the alternative is a LIST carrying the same cells
  ✓  114 [desktop] › e2e/schedule.spec.ts:656:3 › the grid and its accessible alternative › validation display is recorded conflicts and counting — and says so (93ms)
  ✓  115 [desktop] › e2e/schedule.spec.ts:670:3 › the grid and its accessible alternative › AC-02: arrow keys move between cells and Enter opens one (699ms)
  ✓  116 [desktop] › e2e/schedule.spec.ts:691:3 › the grid and its accessible alternative › keyboard navigation crosses the virtualization window boundary (166ms)
  ✓  117 [desktop] › e2e/schedule.spec.ts:707:3 › the grid and its accessible alternative › I-18: a published version is read-only, with no editing affordance (1.9s)
  ✓  118 [desktop] › e2e/schedule.spec.ts:731:3 › the grid and its accessible alternative › DENIED: the grid surface renders no-permission and never says why (313ms)
  -  119 [desktop] › e2e/schedule.spec.ts:747:3 › the grid and its accessible alternative › AC-08: no page-level horizontal scroll at the narrow viewport
  -  120 [desktop] › e2e/schedule.spec.ts:763:3 › the grid and its accessible alternative › AC-08: the periods surface reflows at 320px too
  ✓  121 [desktop] › e2e/schedule.spec.ts:792:3 › the cell editor › I-13: opening a cell issues ZERO requests and shows provenance (2.0s)
  ✓  122 [desktop] › e2e/schedule.spec.ts:811:3 › the cell editor › I-10: opening the assign picker issues exactly one request (2.1s)
  ✓  123 [desktop] › e2e/schedule.spec.ts:824:3 › the cell editor › I-10: a successful Save issues one write and one re-read (403ms)
  ✓  124 [desktop] › e2e/schedule.spec.ts:850:3 › the cell editor › PO-DEC-18: a stale cell edit is refused explicitly, with a refetch control (2.1s)
  ✓  125 [desktop] › e2e/schedule.spec.ts:876:3 › the cell editor › the eligibility ABSENT arm says it is about permission, not about the person (2.1s)
  ✓  126 [desktop] › e2e/schedule.spec.ts:903:3 › the cell editor › the NOBODY-ELIGIBLE arm is a different message from the absent one (2.1s)
  ✓  127 [desktop] › e2e/schedule.spec.ts:926:3 › the cell editor › B-4: a KNOWN-ineligible choice blocks Save until a reason is given (2.0s)
  ✓  128 [desktop] › e2e/schedule.spec.ts:953:3 › the cell editor › B-4: an ABSENT-eligibility choice demands no reason at all (256ms)
  ✓  129 [desktop] › e2e/schedule.spec.ts:973:3 › the cell editor › I-10: pinning issues one write and one re-read (304ms)
  ✓  130 [desktop] › e2e/schedule.spec.ts:996:3 › the cell editor › I-10: removing issues one write and one re-read (364ms)
  ✓  131 [desktop] › e2e/schedule.spec.ts:1020:3 › the cell editor › the candidate read failing renders an error, not an empty picker (467ms)
  ✓  132 [desktop] › e2e/settings.spec.ts:156:3 › settings — the group settings page › LOADING: each panel announces itself while the read is in flight (570ms)
  ✓  133 [desktop] › e2e/settings.spec.ts:177:3 › settings — the group settings page › POPULATED: all three panels render, and the two stored-only ones say so (421ms)
  ✓  134 [desktop] › e2e/settings.spec.ts:206:3 › settings — the group settings page › the published-schedule warning is on the page BEFORE the administrator acts (379ms)
  ✓  135 [desktop] › e2e/settings.spec.ts:225:3 › settings — the group settings page › with no published schedules there is no warning and no acknowledgement (374ms)
  ✓  136 [desktop] › e2e/settings.spec.ts:236:3 › settings — the group settings page › PERMISSION DENIED: a 403 says so, and does not say why (377ms)
  ✓  137 [desktop] › e2e/settings.spec.ts:250:3 › settings — the group settings page › NOT FOUND: a 404 renders as not found, never as a permission problem (379ms)
  ✓  138 [desktop] › e2e/settings.spec.ts:264:3 › settings — the group settings page › I-10: an accepted timezone save is one write and one authoritative re-read (779ms)
  ✓  139 [desktop] › e2e/settings.spec.ts:293:3 › settings — the group settings page › AC-11: a refused save focuses the summary and issues exactly one request (1.1s)
  ✓  140 [desktop] › e2e/settings.spec.ts:329:3 › settings — the group settings page › AC-02: the timezone panel is completable by keyboard alone (210ms)
  ✓  141 [desktop] › e2e/settings.spec.ts:369:3 › settings — locations › EMPTY: the empty state says what a location IS, not "no data" (303ms)
  ✓  142 [desktop] › e2e/settings.spec.ts:382:3 › settings — locations › POPULATED: the table renders, archived rows are marked in WORDS (338ms)
  ✓  143 [desktop] › e2e/settings.spec.ts:409:3 › settings — locations › PO-DEC-01: there is no site picker, no site list, and no site link anywhere (158ms)
  ✓  144 [desktop] › e2e/settings.spec.ts:433:3 › settings — locations › I-13: opening the location form issues ZERO requests (610ms)
  ✓  145 [desktop] › e2e/settings.spec.ts:457:3 › settings — locations › a location saves, and the client re-reads what the server says the list is (757ms)
  ✓  146 [desktop] › e2e/settings.spec.ts:479:3 › settings — locations › AC-08 / AC-09: no page-level horizontal scroll at 320px, and every target is ≥44×44 (462ms)
  ✓  147 [desktop] › e2e/settings.spec.ts:543:3 › settings — locations › PERMISSION DENIED on locations renders the denial state (312ms)
  ✓  148 [desktop] › e2e/shell.spec.ts:21:3 › application shell › renders the shell structure (84ms)
  ✓  149 [desktop] › e2e/shell.spec.ts:42:3 › application shell › has no axe-core violations (266ms)
  ✓  150 [desktop] › e2e/shell.spec.ts:59:3 › application shell › keeps the shell within its request budget (598ms)
  ✓  151 [mobile] › e2e/authn.spec.ts:71:5 › authentication surfaces › sign in: renders, and axe finds nothing (296ms)
  ✓  152 [mobile] › e2e/authn.spec.ts:71:5 › authentication surfaces › MFA challenge: renders, and axe finds nothing (276ms)
  ✓  153 [mobile] › e2e/authn.spec.ts:71:5 › authentication surfaces › MFA enrolment: renders, and axe finds nothing (265ms)
  ✓  154 [mobile] › e2e/authn.spec.ts:71:5 › authentication surfaces › activation: renders, and axe finds nothing (276ms)
  ✓  155 [mobile] › e2e/authn.spec.ts:71:5 › authentication surfaces › password reset request: renders, and axe finds nothing (272ms)
  ✓  156 [mobile] › e2e/authn.spec.ts:71:5 › authentication surfaces › password reset completion: renders, and axe finds nothing (279ms)
  ✓  157 [mobile] › e2e/authn.spec.ts:91:3 › authentication surfaces › I-13: filling every field on a form writes NOTHING (614ms)
  ✓  158 [mobile] › e2e/authn.spec.ts:109:3 › authentication surfaces › I-10: one submit produces exactly one request (215ms)
  ✓  159 [mobile] › e2e/authn.spec.ts:122:3 › authentication surfaces › the failure state is announced, not swallowed (440ms)
  ✓  160 [mobile] › e2e/authn.spec.ts:137:3 › authentication surfaces › the validation summary appears once, takes focus, and links to the field (336ms)
  ✓  161 [mobile] › e2e/authn.spec.ts:157:3 › authentication surfaces › sign in is completable from the KEYBOARD alone (245ms)
  ✓  162 [mobile] › e2e/authn.spec.ts:191:3 › authentication surfaces › activation is completable from the KEYBOARD alone (434ms)
  ✓  163 [mobile] › e2e/catalogue.spec.ts:158:3 › catalogue — shift types › LOADING: the list announces itself while it is being fetched (449ms)
  ✓  164 [mobile] › e2e/catalogue.spec.ts:181:3 › catalogue — shift types › EMPTY: the empty state says what to do next, not "no data" (355ms)
  ✓  165 [mobile] › e2e/catalogue.spec.ts:194:3 › catalogue — shift types › POPULATED: all six palettes render, and colour is never the only carrier (506ms)
  ✓  166 [mobile] › e2e/catalogue.spec.ts:223:3 › catalogue — shift types › PERMISSION DENIED: a 403 says so, and does not say why (431ms)
  ✓  167 [mobile] › e2e/catalogue.spec.ts:239:3 › catalogue — shift types › ERROR: a 404 renders "not found", never "no access" (345ms)
  ✓  168 [mobile] › e2e/catalogue.spec.ts:254:3 › catalogue — shift types › I-13: opening the New form persists NOTHING — zero requests (626ms)
  ✓  169 [mobile] › e2e/catalogue.spec.ts:281:3 › catalogue — shift types › AC-11: an empty form is refused by the CLIENT — focus to the summary, zero requests (765ms)
  ✓  170 [mobile] › e2e/catalogue.spec.ts:318:3 › catalogue — shift types › I-10: a SERVER 422 issues exactly one request and renders the same summary (791ms)
  ✓  171 [mobile] › e2e/catalogue.spec.ts:368:3 › catalogue — shift types › AC-02: the form is completable by keyboard alone (660ms)
  ✓  172 [mobile] › e2e/catalogue.spec.ts:429:3 › catalogue — shift types › AC-08 and AC-09: 320px reflow, and every target is at least 44px (746ms)
  ✓  173 [mobile] › e2e/catalogue.spec.ts:499:3 › catalogue — the other surfaces › shift groups: populated and empty, both accessible (509ms)
  ✓  174 [mobile] › e2e/catalogue.spec.ts:544:3 › catalogue — the other surfaces › staff groups: empty state and form (415ms)
  ✓  175 [mobile] › e2e/catalogue.spec.ts:558:3 › catalogue — the other surfaces › valid combinations: the ceiling is explained before the user hits it (482ms)
  ✓  176 [mobile] › e2e/catalogue.spec.ts:590:3 › catalogue — the other surfaces › group settings: the irreversible control warns BEFORE the click (413ms)
  ✓  177 [mobile] › e2e/catalogue.spec.ts:617:3 › catalogue — the other surfaces › group settings: a 403 on one panel does not hide the other (385ms)
  ✓  178 [mobile] › e2e/publication.spec.ts:338:3 › publication review — states › LOADING: the review announces itself while it is being fetched (343ms)
  ✓  179 [mobile] › e2e/publication.spec.ts:359:3 › publication review — states › ERROR: a 500 renders the fixed message verbatim, never expanded (349ms)
  ✓  180 [mobile] › e2e/publication.spec.ts:372:3 › publication review — states › DENIAL: a 403 says "no permission"; a 404 says "not found" — different messages (371ms)
  ✓  181 [mobile] › e2e/publication.spec.ts:388:3 › publication review — states › EMPTY: a period that has never been published says so, and is not an error (362ms)
  ✓  182 [mobile] › e2e/publication.spec.ts:414:3 › I-13 — nothing is published before an explicit confirmation › opening the confirmation issues ZERO requests (540ms)
  ✓  183 [mobile] › e2e/publication.spec.ts:428:3 › I-13 — nothing is published before an explicit confirmation › filling the confirmation issues ZERO requests (157ms)
  ✓  184 [mobile] › e2e/publication.spec.ts:440:3 › I-13 — nothing is published before an explicit confirmation › the typed confirmation is demanded BEFORE any request is made (563ms)
  ✓  185 [mobile] › e2e/publication.spec.ts:486:3 › publish once › a DOUBLE-CLICK issues exactly one publication request (675ms)
  ✓  186 [mobile] › e2e/publication.spec.ts:535:3 › publish once › a RETRY carries the same idempotency key, and the replay is rendered honestly (951ms)
  ✓  187 [mobile] › e2e/publication.spec.ts:577:3 › publish once › BUDGET: an accepted publication is the write plus one server-authoritative re-read (291ms)
  ✓  188 [mobile] › e2e/publication.spec.ts:604:3 › publish once › BUDGET: a refused publication is ONE request and does not refetch (296ms)
  ✓  189 [mobile] › e2e/publication.spec.ts:636:3 › refusals the interface must render truthfully › CAS LOSER: another publication won the period — rendered, with one reload control (739ms)
  ✓  190 [mobile] › e2e/publication.spec.ts:664:3 › refusals the interface must render truthfully › STALE REVIEW: the draft changed while it was being read — rendered, never merged (740ms)
  ✓  191 [mobile] › e2e/publication.spec.ts:689:3 › refusals the interface must render truthfully › GRANT DENY STATE: without the publish grant the control is absent and the reason is written (536ms)
  ✓  192 [mobile] › e2e/publication.spec.ts:708:3 › refusals the interface must render truthfully › a version that IS current does not claim it would supersede itself (548ms)
  ✓  193 [mobile] › e2e/publication.spec.ts:741:3 › refusals the interface must render truthfully › BLOCKED: an open hard breach blocks publication and the control is not offered (537ms)
  ✓  194 [mobile] › e2e/publication.spec.ts:766:3 › the rendered difference is the served difference › every change in the response is rendered, one row each, and nothing else is (580ms)
  ✓  195 [mobile] › e2e/publication.spec.ts:791:3 › the rendered difference is the served difference › the comparison page renders the same change set and the affected-staff read agrees (535ms)
  ✓  196 [mobile] › e2e/publication.spec.ts:809:3 › version history › IMMUTABILITY: no edit affordance in any immutable row — and a draft row HAS one (498ms)
  ✓  197 [mobile] › e2e/publication.spec.ts:833:3 › version history › FORWARD CORRECTION: cloning a published version writes nothing until an explicit confirm (865ms)
  ✓  198 [mobile] › e2e/publication.spec.ts:870:3 › version history › REVERT: its own typed confirmation, refused before any request is made (1.1s)
  ✓  199 [mobile] › e2e/publication.spec.ts:913:3 › version history › a revert is not offered on the CURRENT version, only on superseded ones (88ms)
  ✓  200 [mobile] › e2e/publication.spec.ts:928:3 › published schedule › renders the current version read-only, with no control that writes (421ms)
  ✓  201 [mobile] › e2e/publication.spec.ts:952:3 › keyboard and narrow viewport › KEYBOARD: review → confirm → publish, without a mouse (346ms)
  ✓  202 [mobile] › e2e/publication.spec.ts:980:3 › keyboard and narrow viewport › 320px: the review reflows with no page-level horizontal scroll (467ms)
  ✓  203 [mobile] › e2e/publication.spec.ts:995:3 › keyboard and narrow viewport › 320px: the history reflows as a list, with the same rows and the same affordance rule (455ms)
  ✓  204 [mobile] › e2e/publication.spec.ts:1016:3 › keyboard and narrow viewport › 320px: the published schedule reflows with no page-level horizontal scroll (426ms)
  ✓  205 [mobile] › e2e/rule-editors.spec.ts:356:3 › every rule node kind is authorable end to end › the fixture list covers the closed node set exactly (122ms)
  ✓  206 [mobile] › e2e/rule-editors.spec.ts:380:3 › every rule node kind is authorable end to end › I-13/I-10: opening a rule for editing issues ZERO requests; saving issues two (264ms)
  ✓  207 [mobile] › e2e/rule-editors.spec.ts:419:5 › every rule node kind is authorable end to end › RequiredCount: author → list → edit round trip (424ms)
  ✓  208 [mobile] › e2e/rule-editors.spec.ts:419:5 › every rule node kind is authorable end to end › MinCoverage: author → list → edit round trip (413ms)
  ✓  209 [mobile] › e2e/rule-editors.spec.ts:419:5 › every rule node kind is authorable end to end › MaxCoverage: author → list → edit round trip (467ms)
  ✓  210 [mobile] › e2e/rule-editors.spec.ts:419:5 › every rule node kind is authorable end to end › RequiresQualification: author → list → edit round trip (379ms)
  ✓  211 [mobile] › e2e/rule-editors.spec.ts:419:5 › every rule node kind is authorable end to end › MemberOfStaffGroup: author → list → edit round trip (454ms)
  ✓  212 [mobile] › e2e/rule-editors.spec.ts:419:5 › every rule node kind is authorable end to end › ValidGroupRestriction: author → list → edit round trip (433ms)
  ✓  213 [mobile] › e2e/rule-editors.spec.ts:419:5 › every rule node kind is authorable end to end › PickPositionRestriction: author → list → edit round trip (428ms)
  ✓  214 [mobile] › e2e/rule-editors.spec.ts:419:5 › every rule node kind is authorable end to end › MaxAssignmentsInWindow: author → list → edit round trip (430ms)
  ✓  215 [mobile] › e2e/rule-editors.spec.ts:419:5 › every rule node kind is authorable end to end › WeekdayFteLimit: author → list → edit round trip (430ms)
  ✓  216 [mobile] › e2e/rule-editors.spec.ts:419:5 › every rule node kind is authorable end to end › WorkPercentageTarget: author → list → edit round trip (432ms)
  ✓  217 [mobile] › e2e/rule-editors.spec.ts:419:5 › every rule node kind is authorable end to end › MaxConsecutive: author → list → edit round trip (408ms)
  ✓  218 [mobile] › e2e/rule-editors.spec.ts:419:5 › every rule node kind is authorable end to end › MinimumRestBetween: author → list → edit round trip (430ms)
  ✓  219 [mobile] › e2e/rule-editors.spec.ts:419:5 › every rule node kind is authorable end to end › CallSpacing: author → list → edit round trip (400ms)
  ✓  220 [mobile] › e2e/rule-editors.spec.ts:419:5 › every rule node kind is authorable end to end › NoAdjacent: author → list → edit round trip (414ms)
  ✓  221 [mobile] › e2e/rule-editors.spec.ts:419:5 › every rule node kind is authorable end to end › ForbiddenSequence: author → list → edit round trip (444ms)
  ✓  222 [mobile] › e2e/rule-editors.spec.ts:419:5 › every rule node kind is authorable end to end › PatternRule: author → list → edit round trip (465ms)
  ✓  223 [mobile] › e2e/rule-editors.spec.ts:419:5 › every rule node kind is authorable end to end › AlternatingWeek: author → list → edit round trip (430ms)
  ✓  224 [mobile] › e2e/rule-editors.spec.ts:419:5 › every rule node kind is authorable end to end › TemplateAdherence: author → list → edit round trip (432ms)
  ✓  225 [mobile] › e2e/rule-editors.spec.ts:419:5 › every rule node kind is authorable end to end › LinkedShifts: author → list → edit round trip (442ms)
  ✓  226 [mobile] › e2e/rule-editors.spec.ts:419:5 › every rule node kind is authorable end to end › ImpliesAssignment: author → list → edit round trip (399ms)
  ✓  227 [mobile] › e2e/rule-editors.spec.ts:419:5 › every rule node kind is authorable end to end › MutuallyExclusive: author → list → edit round trip (433ms)
  ✓  228 [mobile] › e2e/rule-editors.spec.ts:419:5 › every rule node kind is authorable end to end › RequestHonoured: author → list → edit round trip (411ms)
  ✓  229 [mobile] › e2e/rule-editors.spec.ts:419:5 › every rule node kind is authorable end to end › ShiftPreference: author → list → edit round trip (415ms)
  ✓  230 [mobile] › e2e/rule-editors.spec.ts:419:5 › every rule node kind is authorable end to end › AvoidDate: author → list → edit round trip (413ms)
  ✓  231 [mobile] › e2e/rule-editors.spec.ts:419:5 › every rule node kind is authorable end to end › FairnessBalance: author → list → edit round trip (397ms)
  ✓  232 [mobile] › e2e/rule-editors.spec.ts:419:5 › every rule node kind is authorable end to end › CreditDistribution: author → list → edit round trip (393ms)
  ✓  233 [mobile] › e2e/rule-editors.spec.ts:419:5 › every rule node kind is authorable end to end › StaffOverLocumPriority: author → list → edit round trip (431ms)
  ✓  234 [mobile] › e2e/rule-editors.spec.ts:419:5 › every rule node kind is authorable end to end › LocumRestriction: author → list → edit round trip (397ms)
  ✓  235 [mobile] › e2e/rule-editors.spec.ts:419:5 › every rule node kind is authorable end to end › FixedAssignment: author → list → edit round trip (395ms)
  ✓  236 [mobile] › e2e/rule-editors.spec.ts:419:5 › every rule node kind is authorable end to end › ProtectedRange: author → list → edit round trip (395ms)
  ✓  237 [mobile] › e2e/rules.spec.ts:119:3 › rules — authoring › LOADING: the list announces itself while it is being fetched (463ms)
  ✓  238 [mobile] › e2e/rules.spec.ts:140:3 › rules — authoring › EMPTY: the empty state says what is missing, not "no data" (356ms)
  ✓  239 [mobile] › e2e/rules.spec.ts:152:3 › rules — authoring › POPULATED: the rules render as a real table (440ms)
  ✓  240 [mobile] › e2e/rules.spec.ts:162:3 › rules — authoring › DENIED: a 403 says no permission and never says why (374ms)
  ✓  241 [mobile] › e2e/rules.spec.ts:175:3 › rules — authoring › NOT FOUND: a 404 is a different message from a 403 (362ms)
  ✓  242 [mobile] › e2e/rules.spec.ts:185:3 › rules — authoring › I-13: "New rule" persists nothing and issues ZERO requests (550ms)
  ✓  243 [mobile] › e2e/rules.spec.ts:202:3 › rules — authoring › the rule-type control offers ONLY the closed node set — no free-text escape hatch (122ms)
  ✓  244 [mobile] › e2e/rules.spec.ts:219:3 › rules — authoring › I-10: Save issues exactly one request, and a SERVER 422 focuses the summary (680ms)
  ✓  245 [mobile] › e2e/rules.spec.ts:265:3 › rules — authoring › the CLIENT pre-check refuses an incomplete body without a request at all (157ms)
  ✓  246 [mobile] › e2e/rules.spec.ts:287:3 › rules — authoring › I-10: a successful Save issues one write and one refetch (250ms)
  ✓  247 [mobile] › e2e/rules.spec.ts:311:3 › rules — authoring › AC-02: the whole form is reachable and submittable by keyboard alone (220ms)
  ✓  248 [mobile] › e2e/rules.spec.ts:346:3 › rules — authoring › AC-08: no page-level horizontal scroll at the narrow viewport (87ms)
  ✓  249 [mobile] › e2e/schedule.spec.ts:306:3 › periods — states › LOADING: the list announces itself while it is being fetched (343ms)
  ✓  250 [mobile] › e2e/schedule.spec.ts:327:3 › periods — states › EMPTY: the empty state says what is missing, not "no data" (331ms)
  ✓  251 [mobile] › e2e/schedule.spec.ts:340:3 › periods — states › DENIED: a 403 says no permission and never says why (349ms)
  ✓  252 [mobile] › e2e/schedule.spec.ts:354:3 › periods — states › NOT FOUND: a 404 is a different message from a 403 (345ms)
  ✓  253 [mobile] › e2e/schedule.spec.ts:365:3 › periods — states › POPULATED: the period list renders, and manual authoring is labelled as override (346ms)
  ✓  254 [mobile] › e2e/schedule.spec.ts:376:3 › periods — states › I-13: "New period" persists nothing and issues ZERO requests (432ms)
  ✓  255 [mobile] › e2e/schedule.spec.ts:393:3 › periods — states › I-13: filling every field of the period form still issues zero requests (120ms)
  ✓  256 [mobile] › e2e/schedule.spec.ts:406:3 › periods — states › a SERVER 422 focuses the validation summary and links to a real field (642ms)
  ✓  257 [mobile] › e2e/schedule.spec.ts:445:3 › periods — states › I-10: creating a draft version issues one write and one re-read (280ms)
  ✓  258 [mobile] › e2e/schedule.spec.ts:473:3 › periods — states › I-10: saving a requirement issues one write and one re-read (296ms)
  ✓  259 [mobile] › e2e/schedule.spec.ts:513:3 › periods — states › a stale requirement write renders an explicit refusal, never a silent merge (673ms)
  ✓  260 [mobile] › e2e/schedule.spec.ts:558:3 › the grid and its accessible alternative › POPULATED: the grid renders with valid virtualized ARIA (760ms)
  ✓  261 [mobile] › e2e/schedule.spec.ts:578:3 › the grid and its accessible alternative › the grid and the table render the SAME cells, compared byte for byte (301ms)
  -  262 [mobile] › e2e/schedule.spec.ts:625:3 › the grid and its accessible alternative › the table alternative is axe-clean and is a real table
  ✓  263 [mobile] › e2e/schedule.spec.ts:640:3 › the grid and its accessible alternative › below 640px the alternative is a LIST carrying the same cells (4.1s)
  ✓  264 [mobile] › e2e/schedule.spec.ts:656:3 › the grid and its accessible alternative › validation display is recorded conflicts and counting — and says so (124ms)
  ✓  265 [mobile] › e2e/schedule.spec.ts:670:3 › the grid and its accessible alternative › AC-02: arrow keys move between cells and Enter opens one (768ms)
  ✓  266 [mobile] › e2e/schedule.spec.ts:691:3 › the grid and its accessible alternative › keyboard navigation crosses the virtualization window boundary (163ms)
  ✓  267 [mobile] › e2e/schedule.spec.ts:707:3 › the grid and its accessible alternative › I-18: a published version is read-only, with no editing affordance (3.8s)
  ✓  268 [mobile] › e2e/schedule.spec.ts:731:3 › the grid and its accessible alternative › DENIED: the grid surface renders no-permission and never says why (351ms)
  ✓  269 [mobile] › e2e/schedule.spec.ts:747:3 › the grid and its accessible alternative › AC-08: no page-level horizontal scroll at the narrow viewport (3.7s)
  ✓  270 [mobile] › e2e/schedule.spec.ts:763:3 › the grid and its accessible alternative › AC-08: the periods surface reflows at 320px too (163ms)
  ✓  271 [mobile] › e2e/schedule.spec.ts:792:3 › the cell editor › I-13: opening a cell issues ZERO requests and shows provenance (3.7s)
  ✓  272 [mobile] › e2e/schedule.spec.ts:811:3 › the cell editor › I-10: opening the assign picker issues exactly one request (4.1s)
  ✓  273 [mobile] › e2e/schedule.spec.ts:824:3 › the cell editor › I-10: a successful Save issues one write and one re-read (389ms)
  ✓  274 [mobile] › e2e/schedule.spec.ts:850:3 › the cell editor › PO-DEC-18: a stale cell edit is refused explicitly, with a refetch control (4.0s)
  ✓  275 [mobile] › e2e/schedule.spec.ts:876:3 › the cell editor › the eligibility ABSENT arm says it is about permission, not about the person (4.7s)
  ✓  276 [mobile] › e2e/schedule.spec.ts:903:3 › the cell editor › the NOBODY-ELIGIBLE arm is a different message from the absent one (4.5s)
  ✓  277 [mobile] › e2e/schedule.spec.ts:926:3 › the cell editor › B-4: a KNOWN-ineligible choice blocks Save until a reason is given (3.8s)
  ✓  278 [mobile] › e2e/schedule.spec.ts:953:3 › the cell editor › B-4: an ABSENT-eligibility choice demands no reason at all (238ms)
  ✓  279 [mobile] › e2e/schedule.spec.ts:973:3 › the cell editor › I-10: pinning issues one write and one re-read (307ms)
  ✓  280 [mobile] › e2e/schedule.spec.ts:996:3 › the cell editor › I-10: removing issues one write and one re-read (339ms)
  ✓  281 [mobile] › e2e/schedule.spec.ts:1020:3 › the cell editor › the candidate read failing renders an error, not an empty picker (305ms)
  ✓  282 [mobile] › e2e/settings.spec.ts:156:3 › settings — the group settings page › LOADING: each panel announces itself while the read is in flight (499ms)
  ✓  283 [mobile] › e2e/settings.spec.ts:177:3 › settings — the group settings page › POPULATED: all three panels render, and the two stored-only ones say so (485ms)
  ✓  284 [mobile] › e2e/settings.spec.ts:206:3 › settings — the group settings page › the published-schedule warning is on the page BEFORE the administrator acts (446ms)
  ✓  285 [mobile] › e2e/settings.spec.ts:225:3 › settings — the group settings page › with no published schedules there is no warning and no acknowledgement (428ms)
  ✓  286 [mobile] › e2e/settings.spec.ts:236:3 › settings — the group settings page › PERMISSION DENIED: a 403 says so, and does not say why (425ms)
  ✓  287 [mobile] › e2e/settings.spec.ts:250:3 › settings — the group settings page › NOT FOUND: a 404 renders as not found, never as a permission problem (406ms)
  ✓  288 [mobile] › e2e/settings.spec.ts:264:3 › settings — the group settings page › I-10: an accepted timezone save is one write and one authoritative re-read (665ms)
  ✓  289 [mobile] › e2e/settings.spec.ts:293:3 › settings — the group settings page › AC-11: a refused save focuses the summary and issues exactly one request (1.1s)
  ✓  290 [mobile] › e2e/settings.spec.ts:329:3 › settings — the group settings page › AC-02: the timezone panel is completable by keyboard alone (207ms)
  ✓  291 [mobile] › e2e/settings.spec.ts:369:3 › settings — locations › EMPTY: the empty state says what a location IS, not "no data" (328ms)
  ✓  292 [mobile] › e2e/settings.spec.ts:382:3 › settings — locations › POPULATED: the table renders, archived rows are marked in WORDS (392ms)
  ✓  293 [mobile] › e2e/settings.spec.ts:409:3 › settings — locations › PO-DEC-01: there is no site picker, no site list, and no site link anywhere (142ms)
  ✓  294 [mobile] › e2e/settings.spec.ts:433:3 › settings — locations › I-13: opening the location form issues ZERO requests (612ms)
  ✓  295 [mobile] › e2e/settings.spec.ts:457:3 › settings — locations › a location saves, and the client re-reads what the server says the list is (752ms)
  ✓  296 [mobile] › e2e/settings.spec.ts:479:3 › settings — locations › AC-08 / AC-09: no page-level horizontal scroll at 320px, and every target is ≥44×44 (494ms)
  ✓  297 [mobile] › e2e/settings.spec.ts:543:3 › settings — locations › PERMISSION DENIED on locations renders the denial state (337ms)
  ✓  298 [mobile] › e2e/shell.spec.ts:21:3 › application shell › renders the shell structure (84ms)
  ✓  299 [mobile] › e2e/shell.spec.ts:42:3 › application shell › has no axe-core violations (252ms)
  ✓  300 [mobile] › e2e/shell.spec.ts:59:3 › application shell › keeps the shell within its request budget (606ms)

  5 skipped
  295 passed (2.8m)
