Scope: all 5 workspace projects
✓ Lockfile passes supply-chain policies (verified 4d ago)
Lockfile is up to date, resolution step is skipped
Progress: resolved 1, reused 0, downloaded 0, added 0
Packages: +465
++++++++++++++++++++++++++++++++++++++++++++++++++++++++++++++++++++++++++++++++
Packages are hard linked from the content-addressable store to the virtual store.
  Content-addressable store is at: /root/.local/share/pnpm/store/v11
  Virtual store is at:             node_modules/.pnpm
Progress: resolved 465, reused 465, downloaded 0, added 45
Progress: resolved 465, reused 465, downloaded 0, added 465, done

devDependencies:
+ @eslint/js 9.39.0
+ @types/node 22.18.6
+ dependency-cruiser 17.0.1
+ eslint 9.39.0
+ prettier 3.6.2
+ tsx 4.20.6
+ typescript 5.9.3
+ typescript-eslint 8.46.0
+ vitest 3.2.4

Done in 7.1s using pnpm v11.18.0
