Collecting ortools
  Using cached ortools-9.15.6755-cp311-cp311-manylinux_2_27_x86_64.manylinux_2_28_x86_64.whl.metadata (3.3 kB)
Collecting absl-py>=2.0.0 (from ortools)
  Using cached absl_py-2.5.0-py3-none-any.whl.metadata (3.3 kB)
Collecting numpy>=2.0.2 (from ortools)
  Using cached numpy-2.4.6-cp311-cp311-manylinux_2_27_x86_64.manylinux_2_28_x86_64.whl.metadata (6.6 kB)
Collecting pandas>=2.0.0 (from ortools)
  Using cached pandas-3.0.5-cp311-cp311-manylinux_2_24_x86_64.manylinux_2_28_x86_64.whl.metadata (79 kB)
Collecting protobuf<6.34,>=6.33.1 (from ortools)
  Using cached protobuf-6.33.6-cp39-abi3-manylinux2014_x86_64.whl.metadata (593 bytes)
Collecting typing-extensions>=4.12 (from ortools)
  Using cached typing_extensions-4.16.0-py3-none-any.whl.metadata (3.3 kB)
Collecting immutabledict>=3.0.0 (from ortools)
  Using cached immutabledict-4.3.1-py3-none-any.whl.metadata (3.5 kB)
Collecting python-dateutil>=2.8.2 (from pandas>=2.0.0->ortools)
  Using cached python_dateutil-2.9.0.post0-py2.py3-none-any.whl.metadata (8.4 kB)
Collecting six>=1.5 (from python-dateutil>=2.8.2->pandas>=2.0.0->ortools)
  Using cached six-1.17.0-py2.py3-none-any.whl.metadata (1.7 kB)
Using cached ortools-9.15.6755-cp311-cp311-manylinux_2_27_x86_64.manylinux_2_28_x86_64.whl (29.8 MB)
Using cached absl_py-2.5.0-py3-none-any.whl (137 kB)
Using cached immutabledict-4.3.1-py3-none-any.whl (5.0 kB)
Using cached numpy-2.4.6-cp311-cp311-manylinux_2_27_x86_64.manylinux_2_28_x86_64.whl (16.9 MB)
Using cached pandas-3.0.5-cp311-cp311-manylinux_2_24_x86_64.manylinux_2_28_x86_64.whl (11.3 MB)
Using cached protobuf-6.33.6-cp39-abi3-manylinux2014_x86_64.whl (323 kB)
Using cached typing_extensions-4.16.0-py3-none-any.whl (45 kB)
Using cached python_dateutil-2.9.0.post0-py2.py3-none-any.whl (229 kB)
Using cached six-1.17.0-py2.py3-none-any.whl (11 kB)
Installing collected packages: typing-extensions, six, protobuf, numpy, immutabledict, absl-py, python-dateutil, pandas, ortools
Successfully installed absl-py-2.5.0 immutabledict-4.3.1 numpy-2.4.6 ortools-9.15.6755 pandas-3.0.5 protobuf-6.33.6 python-dateutil-2.9.0.post0 six-1.17.0 typing-extensions-4.16.0

[notice] A new release of pip is available: 24.0 -> 26.2.1
[notice] To update, run: python3 -m pip install --upgrade pip
